// Jest Snapshot v1, https://goo.gl/fbAQLP

exports[`Should test Home component 1`] = `
<div
  style={
    Object {
      "marginTop": "80px",
    }
  }
>
  <Memo(k)
    className="welcome-text"
    loop={Infinity}
    steps={
      Array [
        "Bookings",
        1000,
        "Bookings Open!",
        500,
      ]
    }
    wrapper="p"
  />
  <p
    className="about"
  >
    Get your table number by booking a reservation and have a meal at our restaurant. Bookings are closed after 8:00 PM IST.
  </p>
  <p
    className="slogan"
  >
    We make food, you make memories.
  </p>
</div>
`;
